#1/1     aggregate_ret/aggregate_ret_global_fail:OK
#1/2     aggregate_ret/aggregate_ret_global_ptr_fail:OK
#1/3     aggregate_ret/aggregate_ret_static_ptr_fail:OK
#1/4     aggregate_ret/aggregate_ret_static_uninit_fail:OK
#1/5     aggregate_ret/aggregate_ret_static_precise:OK
#1/6     aggregate_ret/aggregate_ret_global_precise:OK
#1/7     aggregate_ret/aggregate_ret_global_arena_pair:OK
#1/8     aggregate_ret/aggregate_ret_global_arena_and_scalar:OK
#1/9     aggregate_ret/aggregate_ret_global_arena_array:OK
#1/10    aggregate_ret/aggregate_ret_global_arena_single:OK
#1/11    aggregate_ret/aggregate_ret_global_arena_union:OK
#1/12    aggregate_ret/aggregate_ret_kfunc_precise:OK
#1/13    aggregate_ret/aggregate_ret_kfunc_fastcall_fail:OK
#1/14    aggregate_ret/aggregate_ret_kfunc_ptr_fail:OK
#1/15    aggregate_ret/aggregate_ret_kfunc_nested_ptr_fail:OK
#1/16    aggregate_ret/aggregate_ret_kfunc_ptr_arr_fail:OK
#1/17    aggregate_ret/aggregate_ret_kfunc_arr_struct_fail:OK
#1/18    aggregate_ret/aggregate_ret_kfunc_arr2d_fail:OK
#1/19    aggregate_ret/aggregate_ret_kfunc_too_deep_fail:OK
#1/20    aggregate_ret/aggregate_ret_kfunc_small_no_r2:OK
#1/21    aggregate_ret/aggregate_ret_kfunc_too_big_fail:OK
#1       aggregate_ret:OK (SKIP: 1/21)
#180/1   kfunc_call/kfunc_syscall_test_fail:OK
#180/2   kfunc_call/kfunc_syscall_test_null_fail:OK
#180/3   kfunc_call/kfunc_call_test_get_mem_fail_rdonly:OK
#180/4   kfunc_call/kfunc_call_test_get_mem_fail_use_after_free:OK
#180/5   kfunc_call/kfunc_call_test_get_mem_fail_oob:OK
#180/6   kfunc_call/kfunc_call_test_get_mem_fail_zero_size:OK
#180/7   kfunc_call/kfunc_call_test_get_mem_fail_oversized:OK
#180/8   kfunc_call/kfunc_call_test_get_mem_fail_not_const:OK
#180/9   kfunc_call/kfunc_call_test_mem_acquire_fail:OK
#180/10  kfunc_call/kfunc_call_test_pointer_arg_type_mismatch:OK
#180/11  kfunc_call/kfunc_call_test_spin_lock_unsafe:OK
#180/12  kfunc_call/kfunc_call_test_spin_lock_safe:OK
#180/13  kfunc_call/kfunc_call_test1:OK
#180/14  kfunc_call/kfunc_call_test2:OK
#180/15  kfunc_call/kfunc_call_test4:OK
#180/16  kfunc_call/kfunc_call_test5:OK
#180/17  kfunc_call/kfunc_call_test5_asm:OK
#180/18  kfunc_call/kfunc_call_test_ref_btf_id:OK
#180/19  kfunc_call/kfunc_call_test_get_mem:OK
#180/20  kfunc_call/kfunc_syscall_test:OK
#180/21  kfunc_call/kfunc_syscall_test_null:OK
#180/22  kfunc_call/kfunc_call_test_static_unused_arg:OK
#180/23  kfunc_call/kfunc_call_ctx:OK
#180/24  kfunc_call/subprog:OK
#180/25  kfunc_call/subprog_lskel:OK
#180/26  kfunc_call/destructive:OK
#180     kfunc_call:OK
#567/1   tracing_struct/struct_args:OK
#567/2   tracing_struct/struct_many_args:OK
#567/3   tracing_struct/int128_args:OK
#567/4   tracing_struct/union_args:OK
#567     tracing_struct:OK
#610/1   verifier_aggregate_ret/verifier_aggregate_ret: needs LLVM 23, dummy test:SKIP
#610     verifier_aggregate_ret:SKIP
Summary: 4/51 PASSED, 2 SKIPPED, 0/0 FAILED
