#1/1     aggregate_ret/aggregate_ret_global_fail:OK
#1/2     aggregate_ret/aggregate_ret_global_ptr_fail:OK
#1/3     aggregate_ret/aggregate_ret_static_ptr_fail:OK
#1/4     aggregate_ret/aggregate_ret_static_uninit_fail:OK
#1/5     aggregate_ret/aggregate_ret_static_precise:OK
#1/6     aggregate_ret/aggregate_ret_global_precise:OK
#1/7     aggregate_ret/aggregate_ret_global_struct_ptr_fail:OK
#1/8     aggregate_ret/aggregate_ret_global_union_ptr_fail:OK
#1/9     aggregate_ret/aggregate_ret_global_arena_pair:OK
#1/10    aggregate_ret/aggregate_ret_global_arena_and_scalar:OK
#1/11    aggregate_ret/aggregate_ret_global_arena_array:OK
#1/12    aggregate_ret/aggregate_ret_global_arena_single:OK
#1/13    aggregate_ret/aggregate_ret_global_arena_union:OK
#1/14    aggregate_ret/aggregate_ret_kfunc_precise:OK
#1/15    aggregate_ret/aggregate_ret_kfunc_fastcall_fail:OK
#1/16    aggregate_ret/aggregate_ret_kfunc_ptr_fail:OK
#1/17    aggregate_ret/aggregate_ret_kfunc_nested_ptr_fail:OK
#1/18    aggregate_ret/aggregate_ret_kfunc_ptr_arr_fail:OK
#1/19    aggregate_ret/aggregate_ret_kfunc_arr_struct_fail:OK
#1/20    aggregate_ret/aggregate_ret_kfunc_arr2d_fail:OK
#1/21    aggregate_ret/aggregate_ret_kfunc_too_deep_fail:OK
#1/22    aggregate_ret/aggregate_ret_kfunc_small_no_r2:OK
#1/23    aggregate_ret/aggregate_ret_kfunc_too_big_fail:OK
#1       aggregate_ret:OK (SKIP: 1/23)
#466/1   stack_arg/global_many_args:OK
#466/2   stack_arg/async_cb_many_args:OK
#466/3   stack_arg/bpf2bpf:OK
#466/4   stack_arg/kfunc:OK
#466     stack_arg:OK
#467/1   stack_arg_fail/test_stack_arg_big:OK
#467/2   stack_arg_fail/r11 in ALU instruction:OK
#467/3   stack_arg_fail/r11 store with non-DW size:OK
#467/4   stack_arg_fail/r11 store with unaligned offset:OK
#467/5   stack_arg_fail/r11 store with positive offset:OK
#467/6   stack_arg_fail/r11 load with negative offset:OK
#467/7   stack_arg_fail/r11 load with non-DW size:OK
#467/8   stack_arg_fail/r11 store with zero offset:OK
#467     stack_arg_fail:OK
#468/1   stack_arg_precision/__btf_kfunc_gen:OK
#468/2   stack_arg_precision/stack_arg: precision backtracking across bpf2bpf call for kfunc:OK
#468     stack_arg_precision:OK
#567/1   tracing_struct/struct_args:OK
#567/2   tracing_struct/struct_many_args:OK
#567/3   tracing_struct/int128_args:OK
#567/4   tracing_struct/union_args:OK
#567     tracing_struct:OK
#610/1   verifier_aggregate_ret/aggregate_ret_int128_c_test:OK
#610/2   verifier_aggregate_ret/aggregate_ret_struct_c_test:OK
#610/3   verifier_aggregate_ret/aggregate_ret_global_struct_c_test:OK
#610/4   verifier_aggregate_ret/aggregate_ret_union_c_test:OK
#610/5   verifier_aggregate_ret/aggregate_ret_kfunc_int128_c_test:OK
#610/6   verifier_aggregate_ret/aggregate_ret_kfunc_struct_c_test:OK
#610     verifier_aggregate_ret:OK
#712/1   verifier_stack_arg/stack_arg: subprog with 6 args:OK
#712/2   verifier_stack_arg/stack_arg: two subprogs with >5 args:OK
#712/3   verifier_stack_arg/stack_arg: read from uninitialized stack arg slot:OK
#712/4   verifier_stack_arg/stack_arg: gap at offset -8, only wrote -16:OK
#712/5   verifier_stack_arg/stack_arg: pruning with different stack arg types:OK
#712/6   verifier_stack_arg/stack_arg: release_reference invalidates stack arg slot:OK
#712/7   verifier_stack_arg/stack_arg: pkt pointer in stack arg slot invalidated after pull_data:OK
#712/8   verifier_stack_arg/stack_arg: null propagation rejects deref on null branch:OK
#712/9   verifier_stack_arg/stack_arg: missing store on one branch:OK
#712/10  verifier_stack_arg/stack_arg: share a store for both branches:OK
#712/11  verifier_stack_arg/stack_arg: write beyond max outgoing depth:OK
#712/12  verifier_stack_arg/stack_arg: write unused stack arg slot:OK
#712/13  verifier_stack_arg/stack_arg: sequential calls reuse slots:OK
#712     verifier_stack_arg:OK
#713/1   verifier_stack_arg_order/stack_arg: r11 load after r11 store:OK
#713/2   verifier_stack_arg_order/stack_arg: r11 load after a call:OK
#713/3   verifier_stack_arg_order/stack_arg: pruning keeps r11 load ordering:OK
#713/4   verifier_stack_arg_order/stack_arg: read without caller write:OK
#713/5   verifier_stack_arg_order/stack_arg: read with not-initialized caller write:OK
#713     verifier_stack_arg_order:OK
Summary: 8/65 PASSED, 1 SKIPPED, 0/0 FAILED
